******************************************************************************
             TMS320C2000 Linker PC v22.6.1                     
******************************************************************************
>> Linked Tue Jun 11 14:57:40 2024

OUTPUT FILE NAME:   <DMA_XINTF_TO_RAM.out>
ENTRY POINT SYMBOL: "_c_int00"  address: 00009cea


MEMORY CONFIGURATION

         name            origin    length      used     unused   attr    fill
----------------------  --------  ---------  --------  --------  ----  --------
PAGE 0:
  BEGIN                 00000000   00000002  00000002  00000000  RWIX
  RAMM0                 00000050   000003b0  00000000  000003b0  RWIX
  RAML0                 00008000   00001000  0000001e  00000fe2  RWIX
  RAML1                 00009000   00001000  00000e90  00000170  RWIX
  RAML2                 0000a000   00001000  00000000  00001000  RWIX
  RAML3                 0000b000   00001000  00000000  00001000  RWIX
  ZONE7A                00200000   0000fc00  00000000  0000fc00  RWIX
  CSM_RSVD              0033ff80   00000076  00000000  00000076  RWIX
  CSM_PWL               0033fff8   00000008  00000000  00000008  RWIX
  ADC_CAL               00380080   00000009  00000007  00000002  RWIX
  IQTABLES              003fe000   00000b50  00000000  00000b50  RWIX
  IQTABLES2             003feb50   0000008c  00000000  0000008c  RWIX
  FPUTABLES             003febdc   000006a0  00000000  000006a0  RWIX
  BOOTROM               003ff27c   00000d44  00000000  00000d44  RWIX
  RESET                 003fffc0   00000002  00000000  00000002  RWIX

PAGE 1:
  BOOT_RSVD             00000002   0000004e  00000000  0000004e  RWIX
  RAMM1                 00000400   00000400  00000300  00000100  RWIX
  DEV_EMU               00000880   00000180  000000d0  000000b0  RWIX
  FLASH_REGS            00000a80   00000060  00000008  00000058  RWIX
  CSM                   00000ae0   00000010  00000010  00000000  RWIX
  ADC_MIRROR            00000b00   00000010  00000010  00000000  RWIX
  XINTF                 00000b20   00000020  0000001e  00000002  RWIX
  CPU_TIMER0            00000c00   00000008  00000008  00000000  RWIX
  CPU_TIMER1            00000c08   00000008  00000008  00000000  RWIX
  CPU_TIMER2            00000c10   00000008  00000008  00000000  RWIX
  PIE_CTRL              00000ce0   00000020  0000001a  00000006  RWIX
  PIE_VECT              00000d00   00000100  00000100  00000000  RWIX
  DMA                   00001000   00000200  000000e0  00000120  RWIX
  MCBSPA                00005000   00000040  00000025  0000001b  RWIX
  MCBSPB                00005040   00000040  00000025  0000001b  RWIX
  ECANA                 00006000   00000040  00000034  0000000c  RWIX
  ECANA_LAM             00006040   00000040  00000040  00000000  RWIX
  ECANA_MOTS            00006080   00000040  00000040  00000000  RWIX
  ECANA_MOTO            000060c0   00000040  00000040  00000000  RWIX
  ECANA_MBOX            00006100   00000100  00000100  00000000  RWIX
  ECANB                 00006200   00000040  00000034  0000000c  RWIX
  ECANB_LAM             00006240   00000040  00000040  00000000  RWIX
  ECANB_MOTS            00006280   00000040  00000040  00000000  RWIX
  ECANB_MOTO            000062c0   00000040  00000040  00000000  RWIX
  ECANB_MBOX            00006300   00000100  00000100  00000000  RWIX
  EPWM1                 00006800   00000022  00000022  00000000  RWIX
  EPWM2                 00006840   00000022  00000022  00000000  RWIX
  EPWM3                 00006880   00000022  00000022  00000000  RWIX
  EPWM4                 000068c0   00000022  00000022  00000000  RWIX
  EPWM5                 00006900   00000022  00000022  00000000  RWIX
  EPWM6                 00006940   00000022  00000022  00000000  RWIX
  ECAP1                 00006a00   00000020  00000020  00000000  RWIX
  ECAP2                 00006a20   00000020  00000020  00000000  RWIX
  ECAP3                 00006a40   00000020  00000020  00000000  RWIX
  ECAP4                 00006a60   00000020  00000020  00000000  RWIX
  ECAP5                 00006a80   00000020  00000020  00000000  RWIX
  ECAP6                 00006aa0   00000020  00000020  00000000  RWIX
  EQEP1                 00006b00   00000040  00000040  00000000  RWIX
  EQEP2                 00006b40   00000040  00000040  00000000  RWIX
  GPIOCTRL              00006f80   00000040  0000002e  00000012  RWIX
  GPIODAT               00006fc0   00000020  00000020  00000000  RWIX
  GPIOINT               00006fe0   00000020  0000000a  00000016  RWIX
  SYSTEM                00007010   00000020  00000020  00000000  RWIX
  SPIA                  00007040   00000010  00000010  00000000  RWIX
  SCIA                  00007050   00000010  00000010  00000000  RWIX
  XINTRUPT              00007070   00000010  00000010  00000000  RWIX
  ADC                   00007100   00000020  0000001e  00000002  RWIX
  SCIB                  00007750   00000010  00000010  00000000  RWIX
  SCIC                  00007770   00000010  00000010  00000000  RWIX
  I2CA                  00007900   00000040  00000022  0000001e  RWIX
  RAML4                 0000c000   00001000  00000426  00000bda  RWIX
  RAML5                 0000d000   00001000  000001a4  00000e5c  RWIX
  RAML6                 0000e000   00001000  00000000  00001000  RWIX
  RAML7                 0000f000   00001000  00000000  00001000  RWIX
  ZONE7B                0020fc00   00000400  00000400  00000000  RWIX
  CSM_PWL               0033fff8   00000008  00000008  00000000  RWIX
  PARTID                00380090   00000001  00000001  00000000  RWIX


SECTION ALLOCATION MAP

 output                                  attributes/
section   page    origin      length       input sections
--------  ----  ----------  ----------   ----------------
codestart 
*          0    00000000    00000002     
                  00000000    00000002     DSP2833x_CodeStartBranch.obj (codestart)

.cinit     0    00008000    0000001a     
                  00008000    0000000e     rts2800_fpu32.lib : exit.c.obj (.cinit)
                  0000800e    00000005                       : _lock.c.obj (.cinit:__lock)
                  00008013    00000005                       : _lock.c.obj (.cinit:__unlock)
                  00008018    00000002     --HOLE-- [fill = 0]

ramfuncs   0    0000801a    00000004     
                  0000801a    00000004     DSP2833x_usDelay.obj (ramfuncs)

.text      0    00009000    00000e90     
                  00009000    000003e9     DSP2833x_DMA.obj (.text)
                  000093e9    0000034a     DSP2833x_SciStdio.obj (.text)
                  00009733    00000316     DSP2833x_DefaultIsr.obj (.text:retain)
                  00009a49    000000f7     DSP2833x_SysCtrl.obj (.text)
                  00009b40    000000f6     DSP2833x_Xintf.obj (.text)
                  00009c36    000000b4     main.obj (.text)
                  00009cea    00000056     rts2800_fpu32.lib : boot28.asm.obj (.text)
                  00009d40    0000004a     DSP2833x_Sci.obj (.text)
                  00009d8a    00000029     rts2800_fpu32.lib : exit.c.obj (.text)
                  00009db3    00000028     DSP2833x_PieCtrl.obj (.text)
                  00009ddb    00000024     rts2800_fpu32.lib : cpy_tbl.c.obj (.text)
                  00009dff    00000023     main.obj (.text:retain)
                  00009e22    00000020     DSP2833x_PieVect.obj (.text)
                  00009e42    0000001d     rts2800_fpu32.lib : memcpy.c.obj (.text)
                  00009e5f    00000012                       : args_main.c.obj (.text)
                  00009e71    0000000b                       : u_div28.asm.obj (.text)
                  00009e7c    00000009                       : _lock.c.obj (.text)
                  00009e85    00000008     DSP2833x_CodeStartBranch.obj (.text)
                  00009e8d    00000002     rts2800_fpu32.lib : pre_init.c.obj (.text)
                  00009e8f    00000001                       : startup.c.obj (.text)

.pinit     0    00008000    00000000     UNINITIALIZED

.stack     1    00000400    00000300     UNINITIALIZED
                  00000400    00000300     --HOLE--

DevEmuRegsFile 
*          1    00000880    000000d0     UNINITIALIZED
                  00000880    000000d0     DSP2833x_GlobalVariableDefs.obj (DevEmuRegsFile)

FlashRegsFile 
*          1    00000a80    00000008     UNINITIALIZED
                  00000a80    00000008     DSP2833x_GlobalVariableDefs.obj (FlashRegsFile)

CsmRegsFile 
*          1    00000ae0    00000010     UNINITIALIZED
                  00000ae0    00000010     DSP2833x_GlobalVariableDefs.obj (CsmRegsFile)

AdcMirrorFile 
*          1    00000b00    00000010     UNINITIALIZED
                  00000b00    00000010     DSP2833x_GlobalVariableDefs.obj (AdcMirrorFile)

XintfRegsFile 
*          1    00000b20    0000001e     UNINITIALIZED
                  00000b20    0000001e     DSP2833x_GlobalVariableDefs.obj (XintfRegsFile)

CpuTimer0RegsFile 
*          1    00000c00    00000008     UNINITIALIZED
                  00000c00    00000008     DSP2833x_GlobalVariableDefs.obj (CpuTimer0RegsFile)

CpuTimer1RegsFile 
*          1    00000c08    00000008     UNINITIALIZED
                  00000c08    00000008     DSP2833x_GlobalVariableDefs.obj (CpuTimer1RegsFile)

CpuTimer2RegsFile 
*          1    00000c10    00000008     UNINITIALIZED
                  00000c10    00000008     DSP2833x_GlobalVariableDefs.obj (CpuTimer2RegsFile)

PieCtrlRegsFile 
*          1    00000ce0    0000001a     UNINITIALIZED
                  00000ce0    0000001a     DSP2833x_GlobalVariableDefs.obj (PieCtrlRegsFile)

ECanaMOTSRegsFile 
*          1    00006080    00000040     UNINITIALIZED
                  00006080    00000040     DSP2833x_GlobalVariableDefs.obj (ECanaMOTSRegsFile)

ECanaMOTORegsFile 
*          1    000060c0    00000040     UNINITIALIZED
                  000060c0    00000040     DSP2833x_GlobalVariableDefs.obj (ECanaMOTORegsFile)

ECanbMOTSRegsFile 
*          1    00006280    00000040     UNINITIALIZED
                  00006280    00000040     DSP2833x_GlobalVariableDefs.obj (ECanbMOTSRegsFile)

ECanbMOTORegsFile 
*          1    000062c0    00000040     UNINITIALIZED
                  000062c0    00000040     DSP2833x_GlobalVariableDefs.obj (ECanbMOTORegsFile)

.ebss      1    0000c400    00000026     UNINITIALIZED
                  0000c400    00000018     DSP2833x_CpuTimers.obj (.ebss)
                  0000c418    00000006     rts2800_fpu32.lib : exit.c.obj (.ebss)
                  0000c41e    00000004     main.obj (.ebss)
                  0000c422    00000002     rts2800_fpu32.lib : _lock.c.obj (.ebss:__lock)
                  0000c424    00000002                       : _lock.c.obj (.ebss:__unlock)

.econst    1    0000d000    000001a4     
                  0000d000    00000100     DSP2833x_PieVect.obj (.econst:_PieVectTableInit)
                  0000d100    00000088     main.obj (.econst:.string)
                  0000d188    0000001a     DSP2833x_SciStdio.obj (.econst:.string)
                  0000d1a2    00000002     DSP2833x_SciStdio.obj (.econst)

DMARAML4   1    0000c000    00000400     UNINITIALIZED
                  0000c000    00000400     main.obj (DMARAML4)

ZONE7DATA 
*          1    0020fc00    00000400     UNINITIALIZED
                  0020fc00    00000400     main.obj (ZONE7DATA)

.reset     0    003fffc0    00000002     DSECT
                  003fffc0    00000002     rts2800_fpu32.lib : boot28.asm.obj (.reset)

csm_rsvd   0    0033ff80    00000000     DSECT

csmpasswds 
*          0    0033fff8    00000000     DSECT

.adc_cal   0    00380080    00000007     NOLOAD SECTION
                  00380080    00000007     DSP2833x_ADC_cal.obj (.adc_cal)

PieVectTableFile 
*          1    00000d00    00000100     UNINITIALIZED
                  00000d00    00000100     DSP2833x_GlobalVariableDefs.obj (PieVectTableFile)

DmaRegsFile 
*          1    00001000    000000e0     UNINITIALIZED
                  00001000    000000e0     DSP2833x_GlobalVariableDefs.obj (DmaRegsFile)

McbspaRegsFile 
*          1    00005000    00000025     UNINITIALIZED
                  00005000    00000025     DSP2833x_GlobalVariableDefs.obj (McbspaRegsFile)

McbspbRegsFile 
*          1    00005040    00000025     UNINITIALIZED
                  00005040    00000025     DSP2833x_GlobalVariableDefs.obj (McbspbRegsFile)

ECanaRegsFile 
*          1    00006000    00000034     UNINITIALIZED
                  00006000    00000034     DSP2833x_GlobalVariableDefs.obj (ECanaRegsFile)

ECanaLAMRegsFile 
*          1    00006040    00000040     UNINITIALIZED
                  00006040    00000040     DSP2833x_GlobalVariableDefs.obj (ECanaLAMRegsFile)

ECanaMboxesFile 
*          1    00006100    00000100     UNINITIALIZED
                  00006100    00000100     DSP2833x_GlobalVariableDefs.obj (ECanaMboxesFile)

ECanbRegsFile 
*          1    00006200    00000034     UNINITIALIZED
                  00006200    00000034     DSP2833x_GlobalVariableDefs.obj (ECanbRegsFile)

ECanbLAMRegsFile 
*          1    00006240    00000040     UNINITIALIZED
                  00006240    00000040     DSP2833x_GlobalVariableDefs.obj (ECanbLAMRegsFile)

ECanbMboxesFile 
*          1    00006300    00000100     UNINITIALIZED
                  00006300    00000100     DSP2833x_GlobalVariableDefs.obj (ECanbMboxesFile)

EPwm1RegsFile 
*          1    00006800    00000022     UNINITIALIZED
                  00006800    00000022     DSP2833x_GlobalVariableDefs.obj (EPwm1RegsFile)

EPwm2RegsFile 
*          1    00006840    00000022     UNINITIALIZED
                  00006840    00000022     DSP2833x_GlobalVariableDefs.obj (EPwm2RegsFile)

EPwm3RegsFile 
*          1    00006880    00000022     UNINITIALIZED
                  00006880    00000022     DSP2833x_GlobalVariableDefs.obj (EPwm3RegsFile)

EPwm4RegsFile 
*          1    000068c0    00000022     UNINITIALIZED
                  000068c0    00000022     DSP2833x_GlobalVariableDefs.obj (EPwm4RegsFile)

EPwm5RegsFile 
*          1    00006900    00000022     UNINITIALIZED
                  00006900    00000022     DSP2833x_GlobalVariableDefs.obj (EPwm5RegsFile)

EPwm6RegsFile 
*          1    00006940    00000022     UNINITIALIZED
                  00006940    00000022     DSP2833x_GlobalVariableDefs.obj (EPwm6RegsFile)

ECap1RegsFile 
*          1    00006a00    00000020     UNINITIALIZED
                  00006a00    00000020     DSP2833x_GlobalVariableDefs.obj (ECap1RegsFile)

ECap2RegsFile 
*          1    00006a20    00000020     UNINITIALIZED
                  00006a20    00000020     DSP2833x_GlobalVariableDefs.obj (ECap2RegsFile)

ECap3RegsFile 
*          1    00006a40    00000020     UNINITIALIZED
                  00006a40    00000020     DSP2833x_GlobalVariableDefs.obj (ECap3RegsFile)

ECap4RegsFile 
*          1    00006a60    00000020     UNINITIALIZED
                  00006a60    00000020     DSP2833x_GlobalVariableDefs.obj (ECap4RegsFile)

ECap5RegsFile 
*          1    00006a80    00000020     UNINITIALIZED
                  00006a80    00000020     DSP2833x_GlobalVariableDefs.obj (ECap5RegsFile)

ECap6RegsFile 
*          1    00006aa0    00000020     UNINITIALIZED
                  00006aa0    00000020     DSP2833x_GlobalVariableDefs.obj (ECap6RegsFile)

EQep1RegsFile 
*          1    00006b00    00000040     UNINITIALIZED
                  00006b00    00000040     DSP2833x_GlobalVariableDefs.obj (EQep1RegsFile)

EQep2RegsFile 
*          1    00006b40    00000040     UNINITIALIZED
                  00006b40    00000040     DSP2833x_GlobalVariableDefs.obj (EQep2RegsFile)

GpioCtrlRegsFile 
*          1    00006f80    0000002e     UNINITIALIZED
                  00006f80    0000002e     DSP2833x_GlobalVariableDefs.obj (GpioCtrlRegsFile)

GpioDataRegsFile 
*          1    00006fc0    00000020     UNINITIALIZED
                  00006fc0    00000020     DSP2833x_GlobalVariableDefs.obj (GpioDataRegsFile)

GpioIntRegsFile 
*          1    00006fe0    0000000a     UNINITIALIZED
                  00006fe0    0000000a     DSP2833x_GlobalVariableDefs.obj (GpioIntRegsFile)

SysCtrlRegsFile 
*          1    00007010    00000020     UNINITIALIZED
                  00007010    00000020     DSP2833x_GlobalVariableDefs.obj (SysCtrlRegsFile)

SpiaRegsFile 
*          1    00007040    00000010     UNINITIALIZED
                  00007040    00000010     DSP2833x_GlobalVariableDefs.obj (SpiaRegsFile)

SciaRegsFile 
*          1    00007050    00000010     UNINITIALIZED
                  00007050    00000010     DSP2833x_GlobalVariableDefs.obj (SciaRegsFile)

XIntruptRegsFile 
*          1    00007070    00000010     UNINITIALIZED
                  00007070    00000010     DSP2833x_GlobalVariableDefs.obj (XIntruptRegsFile)

AdcRegsFile 
*          1    00007100    0000001e     UNINITIALIZED
                  00007100    0000001e     DSP2833x_GlobalVariableDefs.obj (AdcRegsFile)

ScibRegsFile 
*          1    00007750    00000010     UNINITIALIZED
                  00007750    00000010     DSP2833x_GlobalVariableDefs.obj (ScibRegsFile)

ScicRegsFile 
*          1    00007770    00000010     UNINITIALIZED
                  00007770    00000010     DSP2833x_GlobalVariableDefs.obj (ScicRegsFile)

I2caRegsFile 
*          1    00007900    00000022     UNINITIALIZED
                  00007900    00000022     DSP2833x_GlobalVariableDefs.obj (I2caRegsFile)

CsmPwlFile 
*          1    0033fff8    00000008     UNINITIALIZED
                  0033fff8    00000008     DSP2833x_GlobalVariableDefs.obj (CsmPwlFile)

PartIdRegsFile 
*          1    00380090    00000001     UNINITIALIZED
                  00380090    00000001     DSP2833x_GlobalVariableDefs.obj (PartIdRegsFile)

MODULE SUMMARY

       Module                            code   initialized data   uninitialized data
       ------                            ----   ----------------   ------------------
    .\
       DSP2833x_GlobalVariableDefs.obj   0      0                  2679              
       main.obj                          215    136                2052              
       DSP2833x_DMA.obj                  1001   0                  0                 
       DSP2833x_SciStdio.obj             842    28                 0                 
       DSP2833x_DefaultIsr.obj           790    0                  0                 
       DSP2833x_PieVect.obj              32     256                0                 
       DSP2833x_SysCtrl.obj              247    0                  0                 
       DSP2833x_Xintf.obj                246    0                  0                 
       DSP2833x_Sci.obj                  74     0                  0                 
       DSP2833x_PieCtrl.obj              40     0                  0                 
       DSP2833x_CpuTimers.obj            0      0                  24                
       DSP2833x_CodeStartBranch.obj      10     0                  0                 
       DSP2833x_ADC_cal.obj              7      0                  0                 
       DSP2833x_usDelay.obj              4      0                  0                 
    +--+---------------------------------+------+------------------+--------------------+
       Total:                            3508   420                4755              
                                                                                     
    D:\CCS12\ccs\tools\compiler\ti-cgt-c2000_22.6.1.LTS\lib\rts2800_fpu32.lib
       boot28.asm.obj                    86     0                  0                 
       exit.c.obj                        41     14                 6                 
       cpy_tbl.c.obj                     36     0                  0                 
       memcpy.c.obj                      29     0                  0                 
       _lock.c.obj                       9      10                 4                 
       args_main.c.obj                   18     0                  0                 
       u_div28.asm.obj                   11     0                  0                 
       pre_init.c.obj                    2      0                  0                 
       startup.c.obj                     1      0                  0                 
    +--+---------------------------------+------+------------------+--------------------+
       Total:                            233    24                 10                
                                                                                     
       Stack:                            0      0                  768               
    +--+---------------------------------+------+------------------+--------------------+
       Grand Total:                      3741   444                5533              


GLOBAL DATA SYMBOLS: SORTED BY DATA PAGE

address     data page           name
--------    ----------------    ----
00000400      10 (00000400)     __stack

00000880      22 (00000880)     _DevEmuRegs

00000a80      2a (00000a80)     _FlashRegs

00000ae0      2b (00000ac0)     _CsmRegs

00000b00      2c (00000b00)     _AdcMirror
00000b20      2c (00000b00)     _XintfRegs

00000c00      30 (00000c00)     _CpuTimer0Regs
00000c08      30 (00000c00)     _CpuTimer1Regs
00000c10      30 (00000c00)     _CpuTimer2Regs

00000ce0      33 (00000cc0)     _PieCtrlRegs

00000d00      34 (00000d00)     _PieVectTable

00001000      40 (00001000)     _DmaRegs

00005000     140 (00005000)     _McbspaRegs

00005040     141 (00005040)     _McbspbRegs

00006000     180 (00006000)     _ECanaRegs

00006040     181 (00006040)     _ECanaLAMRegs

00006080     182 (00006080)     _ECanaMOTSRegs

000060c0     183 (000060c0)     _ECanaMOTORegs

00006100     184 (00006100)     _ECanaMboxes

00006200     188 (00006200)     _ECanbRegs

00006240     189 (00006240)     _ECanbLAMRegs

00006280     18a (00006280)     _ECanbMOTSRegs

000062c0     18b (000062c0)     _ECanbMOTORegs

00006300     18c (00006300)     _ECanbMboxes

00006800     1a0 (00006800)     _EPwm1Regs

00006840     1a1 (00006840)     _EPwm2Regs

00006880     1a2 (00006880)     _EPwm3Regs

000068c0     1a3 (000068c0)     _EPwm4Regs

00006900     1a4 (00006900)     _EPwm5Regs

00006940     1a5 (00006940)     _EPwm6Regs

00006a00     1a8 (00006a00)     _ECap1Regs
00006a20     1a8 (00006a00)     _ECap2Regs

00006a40     1a9 (00006a40)     _ECap3Regs
00006a60     1a9 (00006a40)     _ECap4Regs

00006a80     1aa (00006a80)     _ECap5Regs
00006aa0     1aa (00006a80)     _ECap6Regs

00006b00     1ac (00006b00)     _EQep1Regs

00006b40     1ad (00006b40)     _EQep2Regs

00006f80     1be (00006f80)     _GpioCtrlRegs

00006fc0     1bf (00006fc0)     _GpioDataRegs
00006fe0     1bf (00006fc0)     _GpioIntRegs

00007010     1c0 (00007000)     _SysCtrlRegs

00007040     1c1 (00007040)     _SpiaRegs
00007050     1c1 (00007040)     _SciaRegs
00007070     1c1 (00007040)     _XIntruptRegs

00007100     1c4 (00007100)     _AdcRegs

00007750     1dd (00007740)     _ScibRegs
00007770     1dd (00007740)     _ScicRegs

00007900     1e4 (00007900)     _I2caRegs

0000c000     300 (0000c000)     _DMABuf1

0000c400     310 (0000c400)     _CpuTimer0
0000c408     310 (0000c400)     _CpuTimer1
0000c410     310 (0000c400)     _CpuTimer2
0000c418     310 (0000c400)     ___TI_enable_exit_profile_output
0000c41a     310 (0000c400)     ___TI_cleanup_ptr
0000c41c     310 (0000c400)     ___TI_dtors_ptr
0000c41e     310 (0000c400)     _DMADest
0000c420     310 (0000c400)     _DMASource
0000c422     310 (0000c400)     __lock
0000c424     310 (0000c400)     __unlock

0000d000     340 (0000d000)     _PieVectTableInit

0020fc00    83f0 (0020fc00)     _DMABuf2

0033fff8    cfff (0033ffc0)     _CsmPwl

00380090    e002 (00380080)     _PartIdRegs


GLOBAL SYMBOLS: SORTED ALPHABETICALLY BY Name 

page  address   name                            
----  -------   ----                            
0     00009000  .text                           
0     00009d8a  C$$EXIT                         
0     00009e71  U$$DIV                          
0     00009e76  U$$MOD                          
0     00009819  _ADCINT_ISR                     
0     00380080  _ADC_cal                        
1     00000b00  _AdcMirror                      
1     00007100  _AdcRegs                        
1     0000c400  _CpuTimer0                      
1     00000c00  _CpuTimer0Regs                  
1     0000c408  _CpuTimer1                      
1     00000c08  _CpuTimer1Regs                  
1     0000c410  _CpuTimer2                      
1     00000c10  _CpuTimer2Regs                  
1     0033fff8  _CsmPwl                         
1     00000ae0  _CsmRegs                        
0     00009b0f  _CsmUnlock                      
0     00009747  _DATALOG_ISR                    
0     0000993b  _DINTCH1_ISR                    
0     00009945  _DINTCH2_ISR                    
0     0000994f  _DINTCH3_ISR                    
0     00009959  _DINTCH4_ISR                    
0     00009963  _DINTCH5_ISR                    
0     0000996d  _DINTCH6_ISR                    
1     0000c000  _DMABuf1                        
1     0020fc00  _DMABuf2                        
0     0000900b  _DMACH1AddrConfig               
0     0000901b  _DMACH1BurstConfig              
0     0000904e  _DMACH1ModeConfig               
0     0000902b  _DMACH1TransferConfig           
0     0000903b  _DMACH1WrapConfig               
0     000090b0  _DMACH2AddrConfig               
0     000090c0  _DMACH2BurstConfig              
0     000090f3  _DMACH2ModeConfig               
0     000090d0  _DMACH2TransferConfig           
0     000090e0  _DMACH2WrapConfig               
0     00009155  _DMACH3AddrConfig               
0     00009165  _DMACH3BurstConfig              
0     00009198  _DMACH3ModeConfig               
0     00009175  _DMACH3TransferConfig           
0     00009185  _DMACH3WrapConfig               
0     000091fa  _DMACH4AddrConfig               
0     0000920a  _DMACH4BurstConfig              
0     0000923d  _DMACH4ModeConfig               
0     0000921a  _DMACH4TransferConfig           
0     0000922a  _DMACH4WrapConfig               
0     0000929f  _DMACH5AddrConfig               
0     000092af  _DMACH5BurstConfig              
0     000092e2  _DMACH5ModeConfig               
0     000092bf  _DMACH5TransferConfig           
0     000092cf  _DMACH5WrapConfig               
0     00009344  _DMACH6AddrConfig               
0     00009354  _DMACH6BurstConfig              
0     00009387  _DMACH6ModeConfig               
0     00009364  _DMACH6TransferConfig           
0     00009374  _DMACH6WrapConfig               
1     0000c41e  _DMADest                        
0     00009000  _DMAInitialize                  
1     0000c420  _DMASource                      
0     0000801a  _DSP28x_usDelay                 
1     00000880  _DevEmuRegs                     
0     00009a5c  _DisableDog                     
1     00001000  _DmaRegs                        
0     000099c7  _ECAN0INTA_ISR                  
0     000099db  _ECAN0INTB_ISR                  
0     000099d1  _ECAN1INTA_ISR                  
0     000099e5  _ECAN1INTB_ISR                  
0     000098af  _ECAP1_INT_ISR                  
0     000098b9  _ECAP2_INT_ISR                  
0     000098c3  _ECAP3_INT_ISR                  
0     000098cd  _ECAP4_INT_ISR                  
0     000098d7  _ECAP5_INT_ISR                  
0     000098e1  _ECAP6_INT_ISR                  
1     00006040  _ECanaLAMRegs                   
1     000060c0  _ECanaMOTORegs                  
1     00006080  _ECanaMOTSRegs                  
1     00006100  _ECanaMboxes                    
1     00006000  _ECanaRegs                      
1     00006240  _ECanbLAMRegs                   
1     000062c0  _ECanbMOTORegs                  
1     00006280  _ECanbMOTSRegs                  
1     00006300  _ECanbMboxes                    
1     00006200  _ECanbRegs                      
1     00006a00  _ECap1Regs                      
1     00006a20  _ECap2Regs                      
1     00006a40  _ECap3Regs                      
1     00006a60  _ECap4Regs                      
1     00006a80  _ECap5Regs                      
1     00006aa0  _ECap6Regs                      
0     0000975b  _EMUINT_ISR                     
0     00009873  _EPWM1_INT_ISR                  
0     00009837  _EPWM1_TZINT_ISR                
0     0000987d  _EPWM2_INT_ISR                  
0     00009841  _EPWM2_TZINT_ISR                
0     00009887  _EPWM3_INT_ISR                  
0     0000984b  _EPWM3_TZINT_ISR                
0     00009891  _EPWM4_INT_ISR                  
0     00009855  _EPWM4_TZINT_ISR                
0     0000989b  _EPWM5_INT_ISR                  
0     0000985f  _EPWM5_TZINT_ISR                
0     000098a5  _EPWM6_INT_ISR                  
0     00009869  _EPWM6_TZINT_ISR                
1     00006800  _EPwm1Regs                      
1     00006840  _EPwm2Regs                      
1     00006880  _EPwm3Regs                      
1     000068c0  _EPwm4Regs                      
1     00006900  _EPwm5Regs                      
1     00006940  _EPwm6Regs                      
0     000098eb  _EQEP1_INT_ISR                  
0     000098f5  _EQEP2_INT_ISR                  
1     00006b00  _EQep1Regs                      
1     00006b40  _EQep2Regs                      
0     00009dd2  _EnableInterrupts               
1     00000a80  _FlashRegs                      
1     00006f80  _GpioCtrlRegs                   
1     00006fc0  _GpioDataRegs                   
1     00006fe0  _GpioIntRegs                    
0     00009977  _I2CINT1A_ISR                   
0     00009981  _I2CINT2A_ISR                   
1     00007900  _I2caRegs                       
0     0000976f  _ILLEGAL_ISR                    
0     00009733  _INT13_ISR                      
0     0000973d  _INT14_ISR                      
0     00009ab4  _InitPeripheralClocks           
0     00009db3  _InitPieCtrl                    
0     00009e22  _InitPieVectTable               
0     00009a64  _InitPll                        
0     00009d40  _InitSci                        
0     00009d41  _InitSciGpio                    
0     00009d48  _InitSciaGpio                   
0     00009d5e  _InitScibGpio                   
0     00009d74  _InitScicGpio                   
0     00009a49  _InitSysCtrl                    
0     00009b40  _InitXintf                      
0     00009bdc  _InitXintf16Gpio                
0     00009b95  _InitXintf32Gpio                
0     00009a2b  _LUF_ISR                        
0     00009a21  _LVF_ISR                        
0     00009927  _MRINTA_ISR                     
0     00009913  _MRINTB_ISR                     
0     00009931  _MXINTA_ISR                     
0     0000991d  _MXINTB_ISR                     
1     00005000  _McbspaRegs                     
1     00005040  _McbspbRegs                     
0     00009765  _NMI_ISR                        
0     00009a35  _PIE_RESERVED                   
1     00380090  _PartIdRegs                     
1     00000ce0  _PieCtrlRegs                    
1     00000d00  _PieVectTable                   
1     0000d000  _PieVectTableInit               
0     00009751  _RTOSINT_ISR                    
0     00009411  _SCIConsoleGetc                 
0     0000941d  _SCIConsoleInit                 
0     00009405  _SCIConsolePutc                 
0     00009551  _SCIGetHexNum                   
0     0000951c  _SCIGetNum                      
0     000095ca  _SCIGetc                        
0     0000944e  _SCIGets                        
0     000094c2  _SCIPutHexNum                   
0     00009474  _SCIPutNum                      
0     000095c4  _SCIPutc                        
0     00009427  _SCIPuts                        
0     0000999f  _SCIRXINTA_ISR                  
0     000099b3  _SCIRXINTB_ISR                  
0     0000998b  _SCIRXINTC_ISR                  
0     00009424  _SCIStdioInit                   
0     000099a9  _SCITXINTA_ISR                  
0     000099bd  _SCITXINTB_ISR                  
0     00009995  _SCITXINTC_ISR                  
0     000095e7  _SCIprintf                      
0     000095cd  _SCIwrite                       
0     000097f1  _SEQ1INT_ISR                    
0     000097fb  _SEQ2INT_ISR                    
0     000098ff  _SPIRXINTA_ISR                  
0     00009909  _SPITXINTA_ISR                  
1     00007050  _SciaRegs                       
0     000093fd  _ScibFifoInit                   
0     000093e9  _ScibInit                       
1     00007750  _ScibRegs                       
1     00007770  _ScicRegs                       
0     00009a52  _ServiceDog                     
1     00007040  _SpiaRegs                       
0     000090a8  _StartDMACH1                    
0     0000914d  _StartDMACH2                    
0     000091f2  _StartDMACH3                    
0     00009297  _StartDMACH4                    
0     0000933c  _StartDMACH5                    
0     000093e1  _StartDMACH6                    
1     00007010  _SysCtrlRegs                    
0     00009823  _TINT0_ISR                      
0     000097d3  _USER10_ISR                     
0     000097dd  _USER11_ISR                     
0     000097e7  _USER12_ISR                     
0     00009779  _USER1_ISR                      
0     00009783  _USER2_ISR                      
0     0000978d  _USER3_ISR                      
0     00009797  _USER4_ISR                      
0     000097a1  _USER5_ISR                      
0     000097ab  _USER6_ISR                      
0     000097b5  _USER7_ISR                      
0     000097bf  _USER8_ISR                      
0     000097c9  _USER9_ISR                      
0     0000982d  _WAKEINT_ISR                    
0     00009805  _XINT1_ISR                      
0     0000980f  _XINT2_ISR                      
0     000099ef  _XINT3_ISR                      
0     000099f9  _XINT4_ISR                      
0     00009a03  _XINT5_ISR                      
0     00009a0d  _XINT6_ISR                      
0     00009a17  _XINT7_ISR                      
1     00007070  _XIntruptRegs                   
1     00000b20  _XintfRegs                      
1     00000700  __STACK_END                     
abs   00000300  __STACK_SIZE                    
1     0000c41a  ___TI_cleanup_ptr               
1     0000c41c  ___TI_dtors_ptr                 
1     0000c418  ___TI_enable_exit_profile_output
abs   ffffffff  ___TI_pprof_out_hndl            
abs   ffffffff  ___TI_prof_data_size            
abs   ffffffff  ___TI_prof_data_start           
abs   ffffffff  ___binit__                      
abs   ffffffff  ___c_args__                     
0     00008000  ___cinit__                      
0     00009e90  ___etext__                      
abs   ffffffff  ___pinit__                      
0     00009000  ___text__                       
0     00009e5f  __args_main                     
1     0000c422  __lock                          
0     00009e84  __nop                           
0     00009e80  __register_lock                 
0     00009e7c  __register_unlock               
1     00000400  __stack                         
0     00009e8f  __system_post_cinit             
0     00009e8d  __system_pre_init               
1     0000c424  __unlock                        
0     00009d8a  _abort                          
0     00009cea  _c_int00                        
0     00009ddb  _copy_in                        
0     00009d8c  _exit                           
0     00009cb2  _init_zone7                     
0     00009dff  _local_DINTCH1_ISR              
0     00009c36  _main                           
0     00009e42  _memcpy                         
0     00009a3f  _rsvd_ISR                       
abs   ffffffff  binit                           
0     00008000  cinit                           
0     00000000  code_start                      
0     00009e90  etext                           
abs   ffffffff  pinit                           


GLOBAL SYMBOLS: SORTED BY Symbol Address 

page  address   name                            
----  -------   ----                            
0     00000000  code_start                      
0     00008000  ___cinit__                      
0     00008000  cinit                           
0     0000801a  _DSP28x_usDelay                 
0     00009000  .text                           
0     00009000  _DMAInitialize                  
0     00009000  ___text__                       
0     0000900b  _DMACH1AddrConfig               
0     0000901b  _DMACH1BurstConfig              
0     0000902b  _DMACH1TransferConfig           
0     0000903b  _DMACH1WrapConfig               
0     0000904e  _DMACH1ModeConfig               
0     000090a8  _StartDMACH1                    
0     000090b0  _DMACH2AddrConfig               
0     000090c0  _DMACH2BurstConfig              
0     000090d0  _DMACH2TransferConfig           
0     000090e0  _DMACH2WrapConfig               
0     000090f3  _DMACH2ModeConfig               
0     0000914d  _StartDMACH2                    
0     00009155  _DMACH3AddrConfig               
0     00009165  _DMACH3BurstConfig              
0     00009175  _DMACH3TransferConfig           
0     00009185  _DMACH3WrapConfig               
0     00009198  _DMACH3ModeConfig               
0     000091f2  _StartDMACH3                    
0     000091fa  _DMACH4AddrConfig               
0     0000920a  _DMACH4BurstConfig              
0     0000921a  _DMACH4TransferConfig           
0     0000922a  _DMACH4WrapConfig               
0     0000923d  _DMACH4ModeConfig               
0     00009297  _StartDMACH4                    
0     0000929f  _DMACH5AddrConfig               
0     000092af  _DMACH5BurstConfig              
0     000092bf  _DMACH5TransferConfig           
0     000092cf  _DMACH5WrapConfig               
0     000092e2  _DMACH5ModeConfig               
0     0000933c  _StartDMACH5                    
0     00009344  _DMACH6AddrConfig               
0     00009354  _DMACH6BurstConfig              
0     00009364  _DMACH6TransferConfig           
0     00009374  _DMACH6WrapConfig               
0     00009387  _DMACH6ModeConfig               
0     000093e1  _StartDMACH6                    
0     000093e9  _ScibInit                       
0     000093fd  _ScibFifoInit                   
0     00009405  _SCIConsolePutc                 
0     00009411  _SCIConsoleGetc                 
0     0000941d  _SCIConsoleInit                 
0     00009424  _SCIStdioInit                   
0     00009427  _SCIPuts                        
0     0000944e  _SCIGets                        
0     00009474  _SCIPutNum                      
0     000094c2  _SCIPutHexNum                   
0     0000951c  _SCIGetNum                      
0     00009551  _SCIGetHexNum                   
0     000095c4  _SCIPutc                        
0     000095ca  _SCIGetc                        
0     000095cd  _SCIwrite                       
0     000095e7  _SCIprintf                      
0     00009733  _INT13_ISR                      
0     0000973d  _INT14_ISR                      
0     00009747  _DATALOG_ISR                    
0     00009751  _RTOSINT_ISR                    
0     0000975b  _EMUINT_ISR                     
0     00009765  _NMI_ISR                        
0     0000976f  _ILLEGAL_ISR                    
0     00009779  _USER1_ISR                      
0     00009783  _USER2_ISR                      
0     0000978d  _USER3_ISR                      
0     00009797  _USER4_ISR                      
0     000097a1  _USER5_ISR                      
0     000097ab  _USER6_ISR                      
0     000097b5  _USER7_ISR                      
0     000097bf  _USER8_ISR                      
0     000097c9  _USER9_ISR                      
0     000097d3  _USER10_ISR                     
0     000097dd  _USER11_ISR                     
0     000097e7  _USER12_ISR                     
0     000097f1  _SEQ1INT_ISR                    
0     000097fb  _SEQ2INT_ISR                    
0     00009805  _XINT1_ISR                      
0     0000980f  _XINT2_ISR                      
0     00009819  _ADCINT_ISR                     
0     00009823  _TINT0_ISR                      
0     0000982d  _WAKEINT_ISR                    
0     00009837  _EPWM1_TZINT_ISR                
0     00009841  _EPWM2_TZINT_ISR                
0     0000984b  _EPWM3_TZINT_ISR                
0     00009855  _EPWM4_TZINT_ISR                
0     0000985f  _EPWM5_TZINT_ISR                
0     00009869  _EPWM6_TZINT_ISR                
0     00009873  _EPWM1_INT_ISR                  
0     0000987d  _EPWM2_INT_ISR                  
0     00009887  _EPWM3_INT_ISR                  
0     00009891  _EPWM4_INT_ISR                  
0     0000989b  _EPWM5_INT_ISR                  
0     000098a5  _EPWM6_INT_ISR                  
0     000098af  _ECAP1_INT_ISR                  
0     000098b9  _ECAP2_INT_ISR                  
0     000098c3  _ECAP3_INT_ISR                  
0     000098cd  _ECAP4_INT_ISR                  
0     000098d7  _ECAP5_INT_ISR                  
0     000098e1  _ECAP6_INT_ISR                  
0     000098eb  _EQEP1_INT_ISR                  
0     000098f5  _EQEP2_INT_ISR                  
0     000098ff  _SPIRXINTA_ISR                  
0     00009909  _SPITXINTA_ISR                  
0     00009913  _MRINTB_ISR                     
0     0000991d  _MXINTB_ISR                     
0     00009927  _MRINTA_ISR                     
0     00009931  _MXINTA_ISR                     
0     0000993b  _DINTCH1_ISR                    
0     00009945  _DINTCH2_ISR                    
0     0000994f  _DINTCH3_ISR                    
0     00009959  _DINTCH4_ISR                    
0     00009963  _DINTCH5_ISR                    
0     0000996d  _DINTCH6_ISR                    
0     00009977  _I2CINT1A_ISR                   
0     00009981  _I2CINT2A_ISR                   
0     0000998b  _SCIRXINTC_ISR                  
0     00009995  _SCITXINTC_ISR                  
0     0000999f  _SCIRXINTA_ISR                  
0     000099a9  _SCITXINTA_ISR                  
0     000099b3  _SCIRXINTB_ISR                  
0     000099bd  _SCITXINTB_ISR                  
0     000099c7  _ECAN0INTA_ISR                  
0     000099d1  _ECAN1INTA_ISR                  
0     000099db  _ECAN0INTB_ISR                  
0     000099e5  _ECAN1INTB_ISR                  
0     000099ef  _XINT3_ISR                      
0     000099f9  _XINT4_ISR                      
0     00009a03  _XINT5_ISR                      
0     00009a0d  _XINT6_ISR                      
0     00009a17  _XINT7_ISR                      
0     00009a21  _LVF_ISR                        
0     00009a2b  _LUF_ISR                        
0     00009a35  _PIE_RESERVED                   
0     00009a3f  _rsvd_ISR                       
0     00009a49  _InitSysCtrl                    
0     00009a52  _ServiceDog                     
0     00009a5c  _DisableDog                     
0     00009a64  _InitPll                        
0     00009ab4  _InitPeripheralClocks           
0     00009b0f  _CsmUnlock                      
0     00009b40  _InitXintf                      
0     00009b95  _InitXintf32Gpio                
0     00009bdc  _InitXintf16Gpio                
0     00009c36  _main                           
0     00009cb2  _init_zone7                     
0     00009cea  _c_int00                        
0     00009d40  _InitSci                        
0     00009d41  _InitSciGpio                    
0     00009d48  _InitSciaGpio                   
0     00009d5e  _InitScibGpio                   
0     00009d74  _InitScicGpio                   
0     00009d8a  C$$EXIT                         
0     00009d8a  _abort                          
0     00009d8c  _exit                           
0     00009db3  _InitPieCtrl                    
0     00009dd2  _EnableInterrupts               
0     00009ddb  _copy_in                        
0     00009dff  _local_DINTCH1_ISR              
0     00009e22  _InitPieVectTable               
0     00009e42  _memcpy                         
0     00009e5f  __args_main                     
0     00009e71  U$$DIV                          
0     00009e76  U$$MOD                          
0     00009e7c  __register_unlock               
0     00009e80  __register_lock                 
0     00009e84  __nop                           
0     00009e8d  __system_pre_init               
0     00009e8f  __system_post_cinit             
0     00009e90  ___etext__                      
0     00009e90  etext                           
0     00380080  _ADC_cal                        
1     00000400  __stack                         
1     00000700  __STACK_END                     
1     00000880  _DevEmuRegs                     
1     00000a80  _FlashRegs                      
1     00000ae0  _CsmRegs                        
1     00000b00  _AdcMirror                      
1     00000b20  _XintfRegs                      
1     00000c00  _CpuTimer0Regs                  
1     00000c08  _CpuTimer1Regs                  
1     00000c10  _CpuTimer2Regs                  
1     00000ce0  _PieCtrlRegs                    
1     00000d00  _PieVectTable                   
1     00001000  _DmaRegs                        
1     00005000  _McbspaRegs                     
1     00005040  _McbspbRegs                     
1     00006000  _ECanaRegs                      
1     00006040  _ECanaLAMRegs                   
1     00006080  _ECanaMOTSRegs                  
1     000060c0  _ECanaMOTORegs                  
1     00006100  _ECanaMboxes                    
1     00006200  _ECanbRegs                      
1     00006240  _ECanbLAMRegs                   
1     00006280  _ECanbMOTSRegs                  
1     000062c0  _ECanbMOTORegs                  
1     00006300  _ECanbMboxes                    
1     00006800  _EPwm1Regs                      
1     00006840  _EPwm2Regs                      
1     00006880  _EPwm3Regs                      
1     000068c0  _EPwm4Regs                      
1     00006900  _EPwm5Regs                      
1     00006940  _EPwm6Regs                      
1     00006a00  _ECap1Regs                      
1     00006a20  _ECap2Regs                      
1     00006a40  _ECap3Regs                      
1     00006a60  _ECap4Regs                      
1     00006a80  _ECap5Regs                      
1     00006aa0  _ECap6Regs                      
1     00006b00  _EQep1Regs                      
1     00006b40  _EQep2Regs                      
1     00006f80  _GpioCtrlRegs                   
1     00006fc0  _GpioDataRegs                   
1     00006fe0  _GpioIntRegs                    
1     00007010  _SysCtrlRegs                    
1     00007040  _SpiaRegs                       
1     00007050  _SciaRegs                       
1     00007070  _XIntruptRegs                   
1     00007100  _AdcRegs                        
1     00007750  _ScibRegs                       
1     00007770  _ScicRegs                       
1     00007900  _I2caRegs                       
1     0000c000  _DMABuf1                        
1     0000c400  _CpuTimer0                      
1     0000c408  _CpuTimer1                      
1     0000c410  _CpuTimer2                      
1     0000c418  ___TI_enable_exit_profile_output
1     0000c41a  ___TI_cleanup_ptr               
1     0000c41c  ___TI_dtors_ptr                 
1     0000c41e  _DMADest                        
1     0000c420  _DMASource                      
1     0000c422  __lock                          
1     0000c424  __unlock                        
1     0000d000  _PieVectTableInit               
1     0020fc00  _DMABuf2                        
1     0033fff8  _CsmPwl                         
1     00380090  _PartIdRegs                     
abs   00000300  __STACK_SIZE                    
abs   ffffffff  ___TI_pprof_out_hndl            
abs   ffffffff  ___TI_prof_data_size            
abs   ffffffff  ___TI_prof_data_start           
abs   ffffffff  ___binit__                      
abs   ffffffff  ___c_args__                     
abs   ffffffff  ___pinit__                      
abs   ffffffff  binit                           
abs   ffffffff  pinit                           

[249 symbols]
