******************************************************************************
             TMS320C2000 Linker PC v15.9.0                     
******************************************************************************
>> Linked Thu Mar 08 15:34:26 2018

OUTPUT FILE NAME:   <W5300_LOOPBACK_UDP.out>
ENTRY POINT SYMBOL: "_c_int00"  address: 00339082


MEMORY CONFIGURATION

         name            origin    length      used     unused   attr    fill
----------------------  --------  ---------  --------  --------  ----  --------
PAGE 0:
  ZONE0                 00004000   00001000  00000000  00001000  RWIX
  RAML0                 00008000   00001000  0000001f  00000fe1  RWIX
  RAML1                 00009000   00001000  00000000  00001000  RWIX
  RAML2                 0000a000   00001000  00000000  00001000  RWIX
  RAML3                 0000b000   00001000  00000000  00001000  RWIX
  ZONE6                 00100000   00100000  00000000  00100000  RWIX
  ZONE7A                00200000   0000fc00  00000000  0000fc00  RWIX
  FLASHH                00300000   00008000  00000000  00008000  RWIX
  FLASHG                00308000   00008000  00000000  00008000  RWIX
  FLASHF                00310000   00008000  00000000  00008000  RWIX
  FLASHE                00318000   00008000  00000000  00008000  RWIX
  FLASHD                00320000   00008000  0000001f  00007fe1  RWIX
  FLASHC                00328000   00008000  00000000  00008000  RWIX
  FLASHA                00338000   00007f80  000013bd  00006bc3  RWIX
  CSM_RSVD              0033ff80   00000076  00000000  00000076  RWIX
  BEGIN                 0033fff6   00000002  00000002  00000000  RWIX
  CSM_PWL               0033fff8   00000008  00000000  00000008  RWIX
  ADC_CAL               00380080   00000009  00000007  00000002  RWIX
  OTP                   00380400   00000400  00000000  00000400  RWIX
  IQTABLES              003fe000   00000b50  00000000  00000b50  RWIX
  IQTABLES2             003feb50   0000008c  00000000  0000008c  RWIX
  FPUTABLES             003febdc   000006a0  00000000  000006a0  RWIX
  ROM                   003ff27c   00000d44  00000000  00000d44  RWIX
  RESET                 003fffc0   00000002  00000000  00000002  RWIX
  VECTORS               003fffc2   0000003e  00000000  0000003e  RWIX

PAGE 1:
  BOOT_RSVD             00000000   00000050  00000000  00000050  RWIX
  RAMM0                 00000050   000003b0  00000000  000003b0  RWIX
  RAMM1                 00000400   00000400  00000300  00000100  RWIX
  DEV_EMU               00000880   00000180  000000d0  000000b0  RWIX
  FLASH_REGS            00000a80   00000060  00000008  00000058  RWIX
  CSM                   00000ae0   00000010  00000010  00000000  RWIX
  ADC_MIRROR            00000b00   00000010  00000010  00000000  RWIX
  XINTF                 00000b20   00000020  0000001e  00000002  RWIX
  CPU_TIMER0            00000c00   00000008  00000008  00000000  RWIX
  CPU_TIMER1            00000c08   00000008  00000008  00000000  RWIX
  CPU_TIMER2            00000c10   00000008  00000008  00000000  RWIX
  PIE_CTRL              00000ce0   00000020  0000001a  00000006  RWIX
  PIE_VECT              00000d00   00000100  00000100  00000000  RWIX
  DMA                   00001000   00000200  000000e0  00000120  RWIX
  MCBSPA                00005000   00000040  00000025  0000001b  RWIX
  MCBSPB                00005040   00000040  00000025  0000001b  RWIX
  ECANA                 00006000   00000040  00000034  0000000c  RWIX
  ECANA_LAM             00006040   00000040  00000040  00000000  RWIX
  ECANA_MOTS            00006080   00000040  00000040  00000000  RWIX
  ECANA_MOTO            000060c0   00000040  00000040  00000000  RWIX
  ECANA_MBOX            00006100   00000100  00000100  00000000  RWIX
  ECANB                 00006200   00000040  00000034  0000000c  RWIX
  ECANB_LAM             00006240   00000040  00000040  00000000  RWIX
  ECANB_MOTS            00006280   00000040  00000040  00000000  RWIX
  ECANB_MOTO            000062c0   00000040  00000040  00000000  RWIX
  ECANB_MBOX            00006300   00000100  00000100  00000000  RWIX
  EPWM1                 00006800   00000022  00000022  00000000  RWIX
  EPWM2                 00006840   00000022  00000022  00000000  RWIX
  EPWM3                 00006880   00000022  00000022  00000000  RWIX
  EPWM4                 000068c0   00000022  00000022  00000000  RWIX
  EPWM5                 00006900   00000022  00000022  00000000  RWIX
  EPWM6                 00006940   00000022  00000022  00000000  RWIX
  ECAP1                 00006a00   00000020  00000020  00000000  RWIX
  ECAP2                 00006a20   00000020  00000020  00000000  RWIX
  ECAP3                 00006a40   00000020  00000020  00000000  RWIX
  ECAP4                 00006a60   00000020  00000020  00000000  RWIX
  ECAP5                 00006a80   00000020  00000020  00000000  RWIX
  ECAP6                 00006aa0   00000020  00000020  00000000  RWIX
  EQEP1                 00006b00   00000040  00000040  00000000  RWIX
  EQEP2                 00006b40   00000040  00000040  00000000  RWIX
  GPIOCTRL              00006f80   00000040  0000002e  00000012  RWIX
  GPIODAT               00006fc0   00000020  00000020  00000000  RWIX
  GPIOINT               00006fe0   00000020  0000000a  00000016  RWIX
  SYSTEM                00007010   00000020  00000020  00000000  RWIX
  SPIA                  00007040   00000010  00000010  00000000  RWIX
  SCIA                  00007050   00000010  00000010  00000000  RWIX
  XINTRUPT              00007070   00000010  00000010  00000000  RWIX
  ADC                   00007100   00000020  0000001e  00000002  RWIX
  SCIB                  00007750   00000010  00000010  00000000  RWIX
  SCIC                  00007770   00000010  00000010  00000000  RWIX
  I2CA                  00007900   00000040  00000022  0000001e  RWIX
  RAML4                 0000c000   00002000  00001488  00000b78  RWIX
  RAML6                 0000e000   00001000  00000000  00001000  RWIX
  RAML7                 0000f000   00001000  00000000  00001000  RWIX
  ZONE7B                0020fc00   00000400  00000000  00000400  RWIX
  FLASHB                00330000   00008000  00000000  00008000  RWIX
  CSM_PWL               0033fff8   00000008  00000008  00000000  RWIX
  PARTID                00380090   00000001  00000001  00000000  RWIX


SECTION ALLOCATION MAP

 output                                  attributes/
section   page    origin      length       input sections
--------  ----  ----------  ----------   ----------------
ramfuncs   0    00320000    0000001f     RUN ADDR = 00008000
                  00320000    0000001b     DSP2833x_SysCtrl.obj (ramfuncs)
                  0032001b    00000004     DSP2833x_usDelay.obj (ramfuncs)

.text      0    00338000    000011f6     
                  00338000    000005e8     w5300.obj (.text)
                  003385e8    00000316     DSP2833x_DefaultIsr.obj (.text:retain)
                  003388fe    000002c4     socket.obj (.text)
                  00338bc2    00000128     main.obj (.text)
                  00338cea    000000f8     DSP2833x_SysCtrl.obj (.text)
                  00338de2    000000f3     ethernet.obj (.text)
                  00338ed5    000000ad     task.obj (.text)
                  00338f82    0000008d     task.obj (.text:retain)
                  0033900f    00000073     DSP2833x_CpuTimers.obj (.text)
                  00339082    00000050     rts2800_fpu32.lib : boot.obj (.text)
                  003390d2    00000046                       : cpy_tbl.obj (.text)
                  00339118    00000028     DSP2833x_PieCtrl.obj (.text)
                  00339140    00000020     DSP2833x_PieVect.obj (.text)
                  00339160    0000001a     rts2800_fpu32.lib : cpy_utils.obj (.text)
                  0033917a    00000019                       : args_main.obj (.text)
                  00339193    00000019                       : exit.obj (.text)
                  003391ac    00000013     DSP2833x_MemCopy.obj (.text)
                  003391bf    0000000f     heart.obj (.text)
                  003391ce    0000000c     rts2800_fpu32.lib : memset.obj (.text)
                  003391da    0000000b                       : u_div.obj (.text)
                  003391e5    00000009                       : _lock.obj (.text)
                  003391ee    00000008     DSP2833x_CodeStartBranch.obj (.text)

.econst    0    003391f6    00000122     
                  003391f6    00000100     DSP2833x_PieVect.obj (.econst)
                  003392f6    0000001a     DSP2833x_SciStdio.obj (.econst:.string)
                  00339310    00000003     lstring.obj (.econst:.string)
                  00339313    00000001     --HOLE-- [fill = 0]
                  00339314    00000002     socket.obj (.econst:.string)
                  00339316    00000002     DSP2833x_SciStdio.obj (.econst)

.cinit     0    00339318    000000a5     
                  00339318    00000043     md5.obj (.cinit)
                  0033935b    00000041     ethernet.obj (.cinit)
                  0033939c    0000000b     main.obj (.cinit)
                  003393a7    0000000a     rts2800_fpu32.lib : exit.obj (.cinit)
                  003393b1    00000005                       : _lock.obj (.cinit:__lock)
                  003393b6    00000005                       : _lock.obj (.cinit:__unlock)
                  003393bb    00000002     --HOLE-- [fill = 0]

.pinit     0    00338000    00000000     UNINITIALIZED

codestart 
*          0    0033fff6    00000002     
                  0033fff6    00000002     DSP2833x_CodeStartBranch.obj (codestart)

.adc_cal   0    00380080    00000007     NOLOAD SECTION
                  00380080    00000007     DSP2833x_ADC_cal.obj (.adc_cal)

.stack     1    00000400    00000300     UNINITIALIZED
                  00000400    00000300     --HOLE--

DevEmuRegsFile 
*          1    00000880    000000d0     UNINITIALIZED
                  00000880    000000d0     DSP2833x_GlobalVariableDefs.obj (DevEmuRegsFile)

FlashRegsFile 
*          1    00000a80    00000008     UNINITIALIZED
                  00000a80    00000008     DSP2833x_GlobalVariableDefs.obj (FlashRegsFile)

CsmRegsFile 
*          1    00000ae0    00000010     UNINITIALIZED
                  00000ae0    00000010     DSP2833x_GlobalVariableDefs.obj (CsmRegsFile)

AdcMirrorFile 
*          1    00000b00    00000010     UNINITIALIZED
                  00000b00    00000010     DSP2833x_GlobalVariableDefs.obj (AdcMirrorFile)

XintfRegsFile 
*          1    00000b20    0000001e     UNINITIALIZED
                  00000b20    0000001e     DSP2833x_GlobalVariableDefs.obj (XintfRegsFile)

CpuTimer0RegsFile 
*          1    00000c00    00000008     UNINITIALIZED
                  00000c00    00000008     DSP2833x_GlobalVariableDefs.obj (CpuTimer0RegsFile)

CpuTimer1RegsFile 
*          1    00000c08    00000008     UNINITIALIZED
                  00000c08    00000008     DSP2833x_GlobalVariableDefs.obj (CpuTimer1RegsFile)

CpuTimer2RegsFile 
*          1    00000c10    00000008     UNINITIALIZED
                  00000c10    00000008     DSP2833x_GlobalVariableDefs.obj (CpuTimer2RegsFile)

PieCtrlRegsFile 
*          1    00000ce0    0000001a     UNINITIALIZED
                  00000ce0    0000001a     DSP2833x_GlobalVariableDefs.obj (PieCtrlRegsFile)

PieVectTableFile 
*          1    00000d00    00000100     UNINITIALIZED
                  00000d00    00000100     DSP2833x_GlobalVariableDefs.obj (PieVectTableFile)

DmaRegsFile 
*          1    00001000    000000e0     UNINITIALIZED
                  00001000    000000e0     DSP2833x_GlobalVariableDefs.obj (DmaRegsFile)

McbspaRegsFile 
*          1    00005000    00000025     UNINITIALIZED
                  00005000    00000025     DSP2833x_GlobalVariableDefs.obj (McbspaRegsFile)

McbspbRegsFile 
*          1    00005040    00000025     UNINITIALIZED
                  00005040    00000025     DSP2833x_GlobalVariableDefs.obj (McbspbRegsFile)

ECanaRegsFile 
*          1    00006000    00000034     UNINITIALIZED
                  00006000    00000034     DSP2833x_GlobalVariableDefs.obj (ECanaRegsFile)

ECanaLAMRegsFile 
*          1    00006040    00000040     UNINITIALIZED
                  00006040    00000040     DSP2833x_GlobalVariableDefs.obj (ECanaLAMRegsFile)

ECanaMOTSRegsFile 
*          1    00006080    00000040     UNINITIALIZED
                  00006080    00000040     DSP2833x_GlobalVariableDefs.obj (ECanaMOTSRegsFile)

ECanaMOTORegsFile 
*          1    000060c0    00000040     UNINITIALIZED
                  000060c0    00000040     DSP2833x_GlobalVariableDefs.obj (ECanaMOTORegsFile)

ECanaMboxesFile 
*          1    00006100    00000100     UNINITIALIZED
                  00006100    00000100     DSP2833x_GlobalVariableDefs.obj (ECanaMboxesFile)

ECanbRegsFile 
*          1    00006200    00000034     UNINITIALIZED
                  00006200    00000034     DSP2833x_GlobalVariableDefs.obj (ECanbRegsFile)

ECanbLAMRegsFile 
*          1    00006240    00000040     UNINITIALIZED
                  00006240    00000040     DSP2833x_GlobalVariableDefs.obj (ECanbLAMRegsFile)

ECanbMOTSRegsFile 
*          1    00006280    00000040     UNINITIALIZED
                  00006280    00000040     DSP2833x_GlobalVariableDefs.obj (ECanbMOTSRegsFile)

ECanbMOTORegsFile 
*          1    000062c0    00000040     UNINITIALIZED
                  000062c0    00000040     DSP2833x_GlobalVariableDefs.obj (ECanbMOTORegsFile)

ECanbMboxesFile 
*          1    00006300    00000100     UNINITIALIZED
                  00006300    00000100     DSP2833x_GlobalVariableDefs.obj (ECanbMboxesFile)

EPwm1RegsFile 
*          1    00006800    00000022     UNINITIALIZED
                  00006800    00000022     DSP2833x_GlobalVariableDefs.obj (EPwm1RegsFile)

EPwm2RegsFile 
*          1    00006840    00000022     UNINITIALIZED
                  00006840    00000022     DSP2833x_GlobalVariableDefs.obj (EPwm2RegsFile)

EPwm3RegsFile 
*          1    00006880    00000022     UNINITIALIZED
                  00006880    00000022     DSP2833x_GlobalVariableDefs.obj (EPwm3RegsFile)

EPwm4RegsFile 
*          1    000068c0    00000022     UNINITIALIZED
                  000068c0    00000022     DSP2833x_GlobalVariableDefs.obj (EPwm4RegsFile)

EPwm5RegsFile 
*          1    00006900    00000022     UNINITIALIZED
                  00006900    00000022     DSP2833x_GlobalVariableDefs.obj (EPwm5RegsFile)

EPwm6RegsFile 
*          1    00006940    00000022     UNINITIALIZED
                  00006940    00000022     DSP2833x_GlobalVariableDefs.obj (EPwm6RegsFile)

ECap1RegsFile 
*          1    00006a00    00000020     UNINITIALIZED
                  00006a00    00000020     DSP2833x_GlobalVariableDefs.obj (ECap1RegsFile)

ECap2RegsFile 
*          1    00006a20    00000020     UNINITIALIZED
                  00006a20    00000020     DSP2833x_GlobalVariableDefs.obj (ECap2RegsFile)

ECap3RegsFile 
*          1    00006a40    00000020     UNINITIALIZED
                  00006a40    00000020     DSP2833x_GlobalVariableDefs.obj (ECap3RegsFile)

ECap4RegsFile 
*          1    00006a60    00000020     UNINITIALIZED
                  00006a60    00000020     DSP2833x_GlobalVariableDefs.obj (ECap4RegsFile)

ECap5RegsFile 
*          1    00006a80    00000020     UNINITIALIZED
                  00006a80    00000020     DSP2833x_GlobalVariableDefs.obj (ECap5RegsFile)

ECap6RegsFile 
*          1    00006aa0    00000020     UNINITIALIZED
                  00006aa0    00000020     DSP2833x_GlobalVariableDefs.obj (ECap6RegsFile)

EQep1RegsFile 
*          1    00006b00    00000040     UNINITIALIZED
                  00006b00    00000040     DSP2833x_GlobalVariableDefs.obj (EQep1RegsFile)

EQep2RegsFile 
*          1    00006b40    00000040     UNINITIALIZED
                  00006b40    00000040     DSP2833x_GlobalVariableDefs.obj (EQep2RegsFile)

GpioCtrlRegsFile 
*          1    00006f80    0000002e     UNINITIALIZED
                  00006f80    0000002e     DSP2833x_GlobalVariableDefs.obj (GpioCtrlRegsFile)

GpioDataRegsFile 
*          1    00006fc0    00000020     UNINITIALIZED
                  00006fc0    00000020     DSP2833x_GlobalVariableDefs.obj (GpioDataRegsFile)

GpioIntRegsFile 
*          1    00006fe0    0000000a     UNINITIALIZED
                  00006fe0    0000000a     DSP2833x_GlobalVariableDefs.obj (GpioIntRegsFile)

SysCtrlRegsFile 
*          1    00007010    00000020     UNINITIALIZED
                  00007010    00000020     DSP2833x_GlobalVariableDefs.obj (SysCtrlRegsFile)

SpiaRegsFile 
*          1    00007040    00000010     UNINITIALIZED
                  00007040    00000010     DSP2833x_GlobalVariableDefs.obj (SpiaRegsFile)

SciaRegsFile 
*          1    00007050    00000010     UNINITIALIZED
                  00007050    00000010     DSP2833x_GlobalVariableDefs.obj (SciaRegsFile)

XIntruptRegsFile 
*          1    00007070    00000010     UNINITIALIZED
                  00007070    00000010     DSP2833x_GlobalVariableDefs.obj (XIntruptRegsFile)

AdcRegsFile 
*          1    00007100    0000001e     UNINITIALIZED
                  00007100    0000001e     DSP2833x_GlobalVariableDefs.obj (AdcRegsFile)

ScibRegsFile 
*          1    00007750    00000010     UNINITIALIZED
                  00007750    00000010     DSP2833x_GlobalVariableDefs.obj (ScibRegsFile)

ScicRegsFile 
*          1    00007770    00000010     UNINITIALIZED
                  00007770    00000010     DSP2833x_GlobalVariableDefs.obj (ScicRegsFile)

I2caRegsFile 
*          1    00007900    00000022     UNINITIALIZED
                  00007900    00000022     DSP2833x_GlobalVariableDefs.obj (I2caRegsFile)

.ebss      1    0000c000    00001488     UNINITIALIZED
                  0000c000    000013c8     ethernet.obj (.ebss)
                  0000d3c8    0000002a     task.obj (.ebss)
                  0000d3f2    00000009     socket.obj (.ebss)
                  0000d3fb    00000005     main.obj (.ebss)
                  0000d400    00000040     md5.obj (.ebss)
                  0000d440    00000028     w5300.obj (.ebss)
                  0000d468    00000018     DSP2833x_CpuTimers.obj (.ebss)
                  0000d480    00000004     rts2800_fpu32.lib : exit.obj (.ebss)
                  0000d484    00000002                       : _lock.obj (.ebss:__lock)
                  0000d486    00000002                       : _lock.obj (.ebss:__unlock)

.reset     0    003fffc0    00000002     DSECT
                  003fffc0    00000002     rts2800_fpu32.lib : boot.obj (.reset)

vectors    0    003fffc2    00000000     DSECT

CsmPwlFile 
*          1    0033fff8    00000008     UNINITIALIZED
                  0033fff8    00000008     DSP2833x_GlobalVariableDefs.obj (CsmPwlFile)

PartIdRegsFile 
*          1    00380090    00000001     UNINITIALIZED
                  00380090    00000001     DSP2833x_GlobalVariableDefs.obj (PartIdRegsFile)

MODULE SUMMARY

       Module                            code   ro data   rw data
       ------                            ----   -------   -------
    .\
       DSP2833x_GlobalVariableDefs.obj   0      0         2679   
       DSP2833x_DefaultIsr.obj           790    0         0      
       DSP2833x_SysCtrl.obj              302    0         0      
       DSP2833x_PieVect.obj              32     0         256    
       DSP2833x_CpuTimers.obj            115    0         24     
       DSP2833x_PieCtrl.obj              40     0         0      
       DSP2833x_SciStdio.obj             0      0         28     
       DSP2833x_MemCopy.obj              19     0         0      
       DSP2833x_CodeStartBranch.obj      10     0         0      
       DSP2833x_usDelay.obj              8      0         0      
       DSP2833x_ADC_cal.obj              7      0         0      
    +--+---------------------------------+------+---------+---------+
       Total:                            1323   0         2987   
                                                                 
    .\W5300_Drv_V1.2.1\
       w5300.obj                         1512   0         40     
       socket.obj                        708    0         11     
       md5.obj                           0      0         131    
       lstring.obj                       0      0         3      
    +--+---------------------------------+------+---------+---------+
       Total:                            2220   0         185    
                                                                 
    .\src\
       ethernet.obj                      243    0         5129   
       task.obj                          314    0         42     
       main.obj                          296    0         16     
       heart.obj                         15     0         0      
    +--+---------------------------------+------+---------+---------+
       Total:                            868    0         5187   
                                                                 
    C:\ti\ti-cgt-c2000_15.9.0.STS\lib\rts2800_fpu32.lib
       boot.obj                          80     0         0      
       cpy_tbl.obj                       70     0         0      
       exit.obj                          25     0         14     
       cpy_utils.obj                     26     0         0      
       args_main.obj                     25     0         0      
       _lock.obj                         9      0         14     
       memset.obj                        12     0         0      
       u_div.obj                         11     0         0      
    +--+---------------------------------+------+---------+---------+
       Total:                            258    0         28     
                                                                 
       Stack:                            0      0         768    
    +--+---------------------------------+------+---------+---------+
       Grand Total:                      4669   0         9155   


GLOBAL DATA SYMBOLS: SORTED BY DATA PAGE

address     data page           name
--------    ----------------    ----
00000400      10 (00000400)     __stack

00000880      22 (00000880)     _DevEmuRegs

00000a80      2a (00000a80)     _FlashRegs

00000ae0      2b (00000ac0)     _CsmRegs

00000b00      2c (00000b00)     _AdcMirror
00000b20      2c (00000b00)     _XintfRegs

00000c00      30 (00000c00)     _CpuTimer0Regs
00000c08      30 (00000c00)     _CpuTimer1Regs
00000c10      30 (00000c00)     _CpuTimer2Regs

00000ce0      33 (00000cc0)     _PieCtrlRegs

00000d00      34 (00000d00)     _PieVectTable

00001000      40 (00001000)     _DmaRegs

00005000     140 (00005000)     _McbspaRegs

00005040     141 (00005040)     _McbspbRegs

00006000     180 (00006000)     _ECanaRegs

00006040     181 (00006040)     _ECanaLAMRegs

00006080     182 (00006080)     _ECanaMOTSRegs

000060c0     183 (000060c0)     _ECanaMOTORegs

00006100     184 (00006100)     _ECanaMboxes

00006200     188 (00006200)     _ECanbRegs

00006240     189 (00006240)     _ECanbLAMRegs

00006280     18a (00006280)     _ECanbMOTSRegs

000062c0     18b (000062c0)     _ECanbMOTORegs

00006300     18c (00006300)     _ECanbMboxes

00006800     1a0 (00006800)     _EPwm1Regs

00006840     1a1 (00006840)     _EPwm2Regs

00006880     1a2 (00006880)     _EPwm3Regs

000068c0     1a3 (000068c0)     _EPwm4Regs

00006900     1a4 (00006900)     _EPwm5Regs

00006940     1a5 (00006940)     _EPwm6Regs

00006a00     1a8 (00006a00)     _ECap1Regs
00006a20     1a8 (00006a00)     _ECap2Regs

00006a40     1a9 (00006a40)     _ECap3Regs
00006a60     1a9 (00006a40)     _ECap4Regs

00006a80     1aa (00006a80)     _ECap5Regs
00006aa0     1aa (00006a80)     _ECap6Regs

00006b00     1ac (00006b00)     _EQep1Regs

00006b40     1ad (00006b40)     _EQep2Regs

00006f80     1be (00006f80)     _GpioCtrlRegs

00006fc0     1bf (00006fc0)     _GpioDataRegs
00006fe0     1bf (00006fc0)     _GpioIntRegs

00007010     1c0 (00007000)     _SysCtrlRegs

00007040     1c1 (00007040)     _SpiaRegs
00007050     1c1 (00007040)     _SciaRegs
00007070     1c1 (00007040)     _XIntruptRegs

00007100     1c4 (00007100)     _AdcRegs

00007750     1dd (00007740)     _ScibRegs
00007770     1dd (00007740)     _ScicRegs

00007900     1e4 (00007900)     _I2caRegs

0000c002     300 (0000c000)     _data_buf
0000c004     300 (0000c000)     _ip
0000c008     300 (0000c000)     _sn
0000c00c     300 (0000c000)     _gw
0000c010     300 (0000c000)     _mac
0000c016     300 (0000c000)     _tx_mem_conf
0000c01e     300 (0000c000)     _rx_mem_conf

0000c040     301 (0000c040)     _data

0000d3c8     34f (0000d3c0)     _tasks
0000d3f2     34f (0000d3c0)     _iinchip_source_port
0000d3f3     34f (0000d3c0)     _check_sendok_flag
0000d3fc     34f (0000d3c0)     _serverip

0000d400     350 (0000d400)     _padding

0000d440     351 (0000d440)     _SOCK_INT
0000d448     351 (0000d440)     _TXMEM_SIZE
0000d458     351 (0000d440)     _RXMEM_SIZE
0000d468     351 (0000d440)     _CpuTimer1
0000d470     351 (0000d440)     _CpuTimer2
0000d478     351 (0000d440)     _CpuTimer0

0000d480     352 (0000d480)     ___TI_cleanup_ptr
0000d482     352 (0000d480)     ___TI_dtors_ptr
0000d484     352 (0000d480)     __lock
0000d486     352 (0000d480)     __unlock

003391f6    ce47 (003391c0)     _PieVectTableInit

0033fff8    cfff (0033ffc0)     _CsmPwl

00380090    e002 (00380080)     _PartIdRegs


GLOBAL SYMBOLS: SORTED ALPHABETICALLY BY Name 

page  address   name                 
----  -------   ----                 
0     00338000  .text                
0     00339193  C$$EXIT              
0     003391da  U$$DIV               
0     003391df  U$$MOD               
0     003386ce  _ADCINT_ISR          
0     00380080  _ADC_cal             
1     00000b00  _AdcMirror           
1     00007100  _AdcRegs             
0     00339048  _ConfigCpuTimer      
1     0000d478  _CpuTimer0           
1     00000c00  _CpuTimer0Regs       
1     0000d468  _CpuTimer1           
1     00000c08  _CpuTimer1Regs       
1     0000d470  _CpuTimer2           
1     00000c10  _CpuTimer2Regs       
1     0033fff8  _CsmPwl              
1     00000ae0  _CsmRegs             
0     00338db1  _CsmUnlock           
0     003385fc  _DATALOG_ISR         
0     003387f0  _DINTCH1_ISR         
0     003387fa  _DINTCH2_ISR         
0     00338804  _DINTCH3_ISR         
0     0033880e  _DINTCH4_ISR         
0     00338818  _DINTCH5_ISR         
0     00338822  _DINTCH6_ISR         
0     0000801b  _DSP28x_usDelay      
1     00000880  _DevEmuRegs          
0     00338cfd  _DisableDog          
1     00001000  _DmaRegs             
0     0033887c  _ECAN0INTA_ISR       
0     00338890  _ECAN0INTB_ISR       
0     00338886  _ECAN1INTA_ISR       
0     0033889a  _ECAN1INTB_ISR       
0     00338764  _ECAP1_INT_ISR       
0     0033876e  _ECAP2_INT_ISR       
0     00338778  _ECAP3_INT_ISR       
0     00338782  _ECAP4_INT_ISR       
0     0033878c  _ECAP5_INT_ISR       
0     00338796  _ECAP6_INT_ISR       
1     00006040  _ECanaLAMRegs        
1     000060c0  _ECanaMOTORegs       
1     00006080  _ECanaMOTSRegs       
1     00006100  _ECanaMboxes         
1     00006000  _ECanaRegs           
1     00006240  _ECanbLAMRegs        
1     000062c0  _ECanbMOTORegs       
1     00006280  _ECanbMOTSRegs       
1     00006300  _ECanbMboxes         
1     00006200  _ECanbRegs           
1     00006a00  _ECap1Regs           
1     00006a20  _ECap2Regs           
1     00006a40  _ECap3Regs           
1     00006a60  _ECap4Regs           
1     00006a80  _ECap5Regs           
1     00006aa0  _ECap6Regs           
0     00338610  _EMUINT_ISR          
0     00338728  _EPWM1_INT_ISR       
0     003386ec  _EPWM1_TZINT_ISR     
0     00338732  _EPWM2_INT_ISR       
0     003386f6  _EPWM2_TZINT_ISR     
0     0033873c  _EPWM3_INT_ISR       
0     00338700  _EPWM3_TZINT_ISR     
0     00338746  _EPWM4_INT_ISR       
0     0033870a  _EPWM4_TZINT_ISR     
0     00338750  _EPWM5_INT_ISR       
0     00338714  _EPWM5_TZINT_ISR     
0     0033875a  _EPWM6_INT_ISR       
0     0033871e  _EPWM6_TZINT_ISR     
1     00006800  _EPwm1Regs           
1     00006840  _EPwm2Regs           
1     00006880  _EPwm3Regs           
1     000068c0  _EPwm4Regs           
1     00006900  _EPwm5Regs           
1     00006940  _EPwm6Regs           
0     003387a0  _EQEP1_INT_ISR       
0     003387aa  _EQEP2_INT_ISR       
1     00006b00  _EQep1Regs           
1     00006b40  _EQep2Regs           
0     00339137  _EnableInterrupts    
1     00000a80  _FlashRegs           
1     00006f80  _GpioCtrlRegs        
1     00006fc0  _GpioDataRegs        
1     00006fe0  _GpioIntRegs         
0     0033882c  _I2CINT1A_ISR        
0     00338836  _I2CINT2A_ISR        
1     00007900  _I2caRegs            
0     00338000  _IINCHIP_READ        
0     00338006  _IINCHIP_WRITE       
0     00338624  _ILLEGAL_ISR         
0     003385e8  _INT13_ISR           
0     003385f2  _INT14_ISR           
0     0033900f  _InitCpuTimers       
0     00008000  _InitFlash           
0     00338d56  _InitPeripheralClocks
0     00339118  _InitPieCtrl         
0     00339140  _InitPieVectTable    
0     00338d05  _InitPll             
0     00338cea  _InitSysCtrl         
0     003388e0  _LUF_ISR             
0     003388d6  _LVF_ISR             
0     003387dc  _MRINTA_ISR          
0     003387c8  _MRINTB_ISR          
0     003387e6  _MXINTA_ISR          
0     003387d2  _MXINTB_ISR          
1     00005000  _McbspaRegs          
1     00005040  _McbspbRegs          
0     003391ac  _MemCopy             
0     0033861a  _NMI_ISR             
0     003388ea  _PIE_RESERVED        
1     00380090  _PartIdRegs          
1     00000ce0  _PieCtrlRegs         
1     00000d00  _PieVectTable        
0     003391f6  _PieVectTableInit    
0     00338606  _RTOSINT_ISR         
1     0000d458  _RXMEM_SIZE          
0     0032001f  _RamfuncsLoadEnd     
0     00320000  _RamfuncsLoadStart   
0     00008000  _RamfuncsRunStart    
0     00338854  _SCIRXINTA_ISR       
0     00338868  _SCIRXINTB_ISR       
0     00338840  _SCIRXINTC_ISR       
0     0033885e  _SCITXINTA_ISR       
0     00338872  _SCITXINTB_ISR       
0     0033884a  _SCITXINTC_ISR       
0     003386a6  _SEQ1INT_ISR         
0     003386b0  _SEQ2INT_ISR         
1     0000d440  _SOCK_INT            
0     003387b4  _SPIRXINTA_ISR       
0     003387be  _SPITXINTA_ISR       
1     00007050  _SciaRegs            
1     00007750  _ScibRegs            
1     00007770  _ScicRegs            
0     00338cf3  _ServiceDog          
1     00007040  _SpiaRegs            
1     00007010  _SysCtrlRegs         
0     003386d8  _TINT0_ISR           
1     0000d448  _TXMEM_SIZE          
0     00338688  _USER10_ISR          
0     00338692  _USER11_ISR          
0     0033869c  _USER12_ISR          
0     0033862e  _USER1_ISR           
0     00338638  _USER2_ISR           
0     00338642  _USER3_ISR           
0     0033864c  _USER4_ISR           
0     00338656  _USER5_ISR           
0     00338660  _USER6_ISR           
0     0033866a  _USER7_ISR           
0     00338674  _USER8_ISR           
0     0033867e  _USER9_ISR           
0     003386e2  _WAKEINT_ISR         
0     003386ba  _XINT1_ISR           
0     003386c4  _XINT2_ISR           
0     003388a4  _XINT3_ISR           
0     003388ae  _XINT4_ISR           
0     003388b8  _XINT5_ISR           
0     003388c2  _XINT6_ISR           
0     003388cc  _XINT7_ISR           
1     00007070  _XIntruptRegs        
1     00000b20  _XintfRegs           
1     00000700  __STACK_END          
abs   00000300  __STACK_SIZE         
1     0000d480  ___TI_cleanup_ptr    
1     0000d482  ___TI_dtors_ptr      
abs   ffffffff  ___binit__           
abs   ffffffff  ___c_args__          
0     00339318  ___cinit__           
0     003391f6  ___etext__           
abs   ffffffff  ___pinit__           
0     00338000  ___text__            
0     0033917a  __args_main          
1     0000d484  __lock               
0     003391ed  __nop                
0     003391e9  __register_lock      
0     003391e5  __register_unlock    
1     00000400  __stack              
1     0000d486  __unlock             
0     00339193  _abort               
0     00338efa  _addTask             
0     00339082  _c_int00             
1     0000d3f3  _check_sendok_flag   
0     00338930  _close               
0     0033897b  _connect             
0     003390d2  _copy_in             
1     0000c040  _data                
1     0000c002  _data_buf            
0     00339160  _ddcopy              
0     00338ed5  _delTask             
0     003389c1  _disconnect          
0     00338f38  _dispatchTask        
0     00339160  _dpcopy              
0     00339195  _exit                
0     003381e2  _getFMTUR            
0     0033808c  _getGAR              
0     00338218  _getIDR              
0     0033859c  _getIINCHIP_RxMAX    
0     00338590  _getIINCHIP_TxMAX    
0     00338027  _getIMR              
0     00338017  _getIR               
0     0033800e  _getMR               
0     0033815d  _getPATR             
0     00338189  _getPDHAR            
0     00338173  _getPMAGICR          
0     00338183  _getPSIDR            
0     00338163  _getPTIMER           
0     00338200  _getPn_BDPTHR        
0     003381e8  _getPn_BRDYR         
0     0033814d  _getRCR              
0     0033813d  _getRTR              
0     00338037  _getSHAR             
0     00338102  _getSIPR             
0     003380c7  _getSUBR             
0     00338236  _getSn_CR            
0     003382a5  _getSn_DHAR          
0     0033831e  _getSn_DIPR          
0     0033848b  _getSn_FRAGR         
0     00338257  _getSn_IMR           
0     0033826f  _getSn_IR            
0     00338381  _getSn_KPALVTR       
0     0033821e  _getSn_MR            
0     00338369  _getSn_MSSR          
0     00338437  _getSn_PROTOR        
0     0033842c  _getSn_RX_FIFOR      
0     003383fb  _getSn_RX_RSR        
0     00338287  _getSn_SSR           
0     0033845b  _getSn_TOSR          
0     00338473  _getSn_TTLR          
0     003383d8  _getSn_TX_FSR        
0     003383a5  _getSn_TX_WRSR       
0     003381ba  _getUIPR             
0     003381dc  _getUPORTR           
1     0000c00c  _gw                  
0     003391c9  _heartTask           
0     003384a3  _iinchip_init        
1     0000d3f2  _iinchip_source_port 
0     003391bf  _initHeart           
0     00338e48  _initW5300           
0     00338e4d  _initW5300Gpio       
0     00338ea9  _initW5300Xintf      
1     0000c004  _ip                  
0     003389c8  _listen              
0     00338c68  _loopback_tcpc       
0     00338c28  _loopback_tcps       
0     00338caf  _loopback_udp        
1     0000c010  _mac                 
0     00338bc2  _main                
0     003391ce  _memset              
1     0000d400  _padding             
0     00339160  _pdcopy              
0     00339160  _ppcopy              
0     00338a22  _recv                
0     00338acb  _recvfrom            
0     003388f4  _rsvd_ISR            
1     0000c01e  _rx_mem_conf         
0     003389d7  _send                
0     00338a5b  _sendto              
1     0000d3fc  _serverip            
0     003380ae  _setGAR              
0     0033802d  _setIMR              
0     0033801d  _setIR               
0     00338011  _setMR               
0     00338179  _setPMAGICR          
0     00338169  _setPTIMER           
0     0033820b  _setPn_BDPTHR        
0     003381f3  _setPn_BRDYR         
0     00338153  _setRCR              
0     00338143  _setRTR              
0     00338068  _setSHAR             
0     00338124  _setSIPR             
0     003380e9  _setSUBR             
0     00338241  _setSn_CR            
0     003382e3  _setSn_DHAR          
0     00338349  _setSn_DIPR          
0     00338311  _setSn_DPORTR        
0     00338496  _setSn_FRAGR         
0     00338262  _setSn_IMR           
0     0033827a  _setSn_IR            
0     0033838d  _setSn_KPALVTR       
0     00338229  _setSn_MR            
0     00338374  _setSn_MSSR          
0     00338442  _setSn_PROTOR        
0     00338466  _setSn_TOSR          
0     0033847e  _setSn_TTLR          
0     0033841f  _setSn_TX_FIFOR      
0     003383c0  _setSn_TX_WRSR       
1     0000c008  _sn                  
0     003388fe  _socket              
0     003384a7  _sysinit             
0     00338f75  _taskInit            
0     00338f82  _taskUpdate          
1     0000d3c8  _tasks               
1     0000c016  _tx_mem_conf         
0     00338de2  _w5300Task           
0     003385d6  _wait_10ms           
0     003385c2  _wait_1ms            
0     003385a8  _wait_1us            
0     00338573  _wiz_read_buf        
0     00338556  _wiz_write_buf       
abs   ffffffff  binit                
0     00339318  cinit                
0     0033fff6  code_start           
0     003391f6  etext                
abs   ffffffff  pinit                


GLOBAL SYMBOLS: SORTED BY Symbol Address 

page  address   name                 
----  -------   ----                 
0     00008000  _InitFlash           
0     00008000  _RamfuncsRunStart    
0     0000801b  _DSP28x_usDelay      
0     00320000  _RamfuncsLoadStart   
0     0032001f  _RamfuncsLoadEnd     
0     00338000  .text                
0     00338000  _IINCHIP_READ        
0     00338000  ___text__            
0     00338006  _IINCHIP_WRITE       
0     0033800e  _getMR               
0     00338011  _setMR               
0     00338017  _getIR               
0     0033801d  _setIR               
0     00338027  _getIMR              
0     0033802d  _setIMR              
0     00338037  _getSHAR             
0     00338068  _setSHAR             
0     0033808c  _getGAR              
0     003380ae  _setGAR              
0     003380c7  _getSUBR             
0     003380e9  _setSUBR             
0     00338102  _getSIPR             
0     00338124  _setSIPR             
0     0033813d  _getRTR              
0     00338143  _setRTR              
0     0033814d  _getRCR              
0     00338153  _setRCR              
0     0033815d  _getPATR             
0     00338163  _getPTIMER           
0     00338169  _setPTIMER           
0     00338173  _getPMAGICR          
0     00338179  _setPMAGICR          
0     00338183  _getPSIDR            
0     00338189  _getPDHAR            
0     003381ba  _getUIPR             
0     003381dc  _getUPORTR           
0     003381e2  _getFMTUR            
0     003381e8  _getPn_BRDYR         
0     003381f3  _setPn_BRDYR         
0     00338200  _getPn_BDPTHR        
0     0033820b  _setPn_BDPTHR        
0     00338218  _getIDR              
0     0033821e  _getSn_MR            
0     00338229  _setSn_MR            
0     00338236  _getSn_CR            
0     00338241  _setSn_CR            
0     00338257  _getSn_IMR           
0     00338262  _setSn_IMR           
0     0033826f  _getSn_IR            
0     0033827a  _setSn_IR            
0     00338287  _getSn_SSR           
0     003382a5  _getSn_DHAR          
0     003382e3  _setSn_DHAR          
0     00338311  _setSn_DPORTR        
0     0033831e  _getSn_DIPR          
0     00338349  _setSn_DIPR          
0     00338369  _getSn_MSSR          
0     00338374  _setSn_MSSR          
0     00338381  _getSn_KPALVTR       
0     0033838d  _setSn_KPALVTR       
0     003383a5  _getSn_TX_WRSR       
0     003383c0  _setSn_TX_WRSR       
0     003383d8  _getSn_TX_FSR        
0     003383fb  _getSn_RX_RSR        
0     0033841f  _setSn_TX_FIFOR      
0     0033842c  _getSn_RX_FIFOR      
0     00338437  _getSn_PROTOR        
0     00338442  _setSn_PROTOR        
0     0033845b  _getSn_TOSR          
0     00338466  _setSn_TOSR          
0     00338473  _getSn_TTLR          
0     0033847e  _setSn_TTLR          
0     0033848b  _getSn_FRAGR         
0     00338496  _setSn_FRAGR         
0     003384a3  _iinchip_init        
0     003384a7  _sysinit             
0     00338556  _wiz_write_buf       
0     00338573  _wiz_read_buf        
0     00338590  _getIINCHIP_TxMAX    
0     0033859c  _getIINCHIP_RxMAX    
0     003385a8  _wait_1us            
0     003385c2  _wait_1ms            
0     003385d6  _wait_10ms           
0     003385e8  _INT13_ISR           
0     003385f2  _INT14_ISR           
0     003385fc  _DATALOG_ISR         
0     00338606  _RTOSINT_ISR         
0     00338610  _EMUINT_ISR          
0     0033861a  _NMI_ISR             
0     00338624  _ILLEGAL_ISR         
0     0033862e  _USER1_ISR           
0     00338638  _USER2_ISR           
0     00338642  _USER3_ISR           
0     0033864c  _USER4_ISR           
0     00338656  _USER5_ISR           
0     00338660  _USER6_ISR           
0     0033866a  _USER7_ISR           
0     00338674  _USER8_ISR           
0     0033867e  _USER9_ISR           
0     00338688  _USER10_ISR          
0     00338692  _USER11_ISR          
0     0033869c  _USER12_ISR          
0     003386a6  _SEQ1INT_ISR         
0     003386b0  _SEQ2INT_ISR         
0     003386ba  _XINT1_ISR           
0     003386c4  _XINT2_ISR           
0     003386ce  _ADCINT_ISR          
0     003386d8  _TINT0_ISR           
0     003386e2  _WAKEINT_ISR         
0     003386ec  _EPWM1_TZINT_ISR     
0     003386f6  _EPWM2_TZINT_ISR     
0     00338700  _EPWM3_TZINT_ISR     
0     0033870a  _EPWM4_TZINT_ISR     
0     00338714  _EPWM5_TZINT_ISR     
0     0033871e  _EPWM6_TZINT_ISR     
0     00338728  _EPWM1_INT_ISR       
0     00338732  _EPWM2_INT_ISR       
0     0033873c  _EPWM3_INT_ISR       
0     00338746  _EPWM4_INT_ISR       
0     00338750  _EPWM5_INT_ISR       
0     0033875a  _EPWM6_INT_ISR       
0     00338764  _ECAP1_INT_ISR       
0     0033876e  _ECAP2_INT_ISR       
0     00338778  _ECAP3_INT_ISR       
0     00338782  _ECAP4_INT_ISR       
0     0033878c  _ECAP5_INT_ISR       
0     00338796  _ECAP6_INT_ISR       
0     003387a0  _EQEP1_INT_ISR       
0     003387aa  _EQEP2_INT_ISR       
0     003387b4  _SPIRXINTA_ISR       
0     003387be  _SPITXINTA_ISR       
0     003387c8  _MRINTB_ISR          
0     003387d2  _MXINTB_ISR          
0     003387dc  _MRINTA_ISR          
0     003387e6  _MXINTA_ISR          
0     003387f0  _DINTCH1_ISR         
0     003387fa  _DINTCH2_ISR         
0     00338804  _DINTCH3_ISR         
0     0033880e  _DINTCH4_ISR         
0     00338818  _DINTCH5_ISR         
0     00338822  _DINTCH6_ISR         
0     0033882c  _I2CINT1A_ISR        
0     00338836  _I2CINT2A_ISR        
0     00338840  _SCIRXINTC_ISR       
0     0033884a  _SCITXINTC_ISR       
0     00338854  _SCIRXINTA_ISR       
0     0033885e  _SCITXINTA_ISR       
0     00338868  _SCIRXINTB_ISR       
0     00338872  _SCITXINTB_ISR       
0     0033887c  _ECAN0INTA_ISR       
0     00338886  _ECAN1INTA_ISR       
0     00338890  _ECAN0INTB_ISR       
0     0033889a  _ECAN1INTB_ISR       
0     003388a4  _XINT3_ISR           
0     003388ae  _XINT4_ISR           
0     003388b8  _XINT5_ISR           
0     003388c2  _XINT6_ISR           
0     003388cc  _XINT7_ISR           
0     003388d6  _LVF_ISR             
0     003388e0  _LUF_ISR             
0     003388ea  _PIE_RESERVED        
0     003388f4  _rsvd_ISR            
0     003388fe  _socket              
0     00338930  _close               
0     0033897b  _connect             
0     003389c1  _disconnect          
0     003389c8  _listen              
0     003389d7  _send                
0     00338a22  _recv                
0     00338a5b  _sendto              
0     00338acb  _recvfrom            
0     00338bc2  _main                
0     00338c28  _loopback_tcps       
0     00338c68  _loopback_tcpc       
0     00338caf  _loopback_udp        
0     00338cea  _InitSysCtrl         
0     00338cf3  _ServiceDog          
0     00338cfd  _DisableDog          
0     00338d05  _InitPll             
0     00338d56  _InitPeripheralClocks
0     00338db1  _CsmUnlock           
0     00338de2  _w5300Task           
0     00338e48  _initW5300           
0     00338e4d  _initW5300Gpio       
0     00338ea9  _initW5300Xintf      
0     00338ed5  _delTask             
0     00338efa  _addTask             
0     00338f38  _dispatchTask        
0     00338f75  _taskInit            
0     00338f82  _taskUpdate          
0     0033900f  _InitCpuTimers       
0     00339048  _ConfigCpuTimer      
0     00339082  _c_int00             
0     003390d2  _copy_in             
0     00339118  _InitPieCtrl         
0     00339137  _EnableInterrupts    
0     00339140  _InitPieVectTable    
0     00339160  _ddcopy              
0     00339160  _dpcopy              
0     00339160  _pdcopy              
0     00339160  _ppcopy              
0     0033917a  __args_main          
0     00339193  C$$EXIT              
0     00339193  _abort               
0     00339195  _exit                
0     003391ac  _MemCopy             
0     003391bf  _initHeart           
0     003391c9  _heartTask           
0     003391ce  _memset              
0     003391da  U$$DIV               
0     003391df  U$$MOD               
0     003391e5  __register_unlock    
0     003391e9  __register_lock      
0     003391ed  __nop                
0     003391f6  _PieVectTableInit    
0     003391f6  ___etext__           
0     003391f6  etext                
0     00339318  ___cinit__           
0     00339318  cinit                
0     0033fff6  code_start           
0     00380080  _ADC_cal             
1     00000400  __stack              
1     00000700  __STACK_END          
1     00000880  _DevEmuRegs          
1     00000a80  _FlashRegs           
1     00000ae0  _CsmRegs             
1     00000b00  _AdcMirror           
1     00000b20  _XintfRegs           
1     00000c00  _CpuTimer0Regs       
1     00000c08  _CpuTimer1Regs       
1     00000c10  _CpuTimer2Regs       
1     00000ce0  _PieCtrlRegs         
1     00000d00  _PieVectTable        
1     00001000  _DmaRegs             
1     00005000  _McbspaRegs          
1     00005040  _McbspbRegs          
1     00006000  _ECanaRegs           
1     00006040  _ECanaLAMRegs        
1     00006080  _ECanaMOTSRegs       
1     000060c0  _ECanaMOTORegs       
1     00006100  _ECanaMboxes         
1     00006200  _ECanbRegs           
1     00006240  _ECanbLAMRegs        
1     00006280  _ECanbMOTSRegs       
1     000062c0  _ECanbMOTORegs       
1     00006300  _ECanbMboxes         
1     00006800  _EPwm1Regs           
1     00006840  _EPwm2Regs           
1     00006880  _EPwm3Regs           
1     000068c0  _EPwm4Regs           
1     00006900  _EPwm5Regs           
1     00006940  _EPwm6Regs           
1     00006a00  _ECap1Regs           
1     00006a20  _ECap2Regs           
1     00006a40  _ECap3Regs           
1     00006a60  _ECap4Regs           
1     00006a80  _ECap5Regs           
1     00006aa0  _ECap6Regs           
1     00006b00  _EQep1Regs           
1     00006b40  _EQep2Regs           
1     00006f80  _GpioCtrlRegs        
1     00006fc0  _GpioDataRegs        
1     00006fe0  _GpioIntRegs         
1     00007010  _SysCtrlRegs         
1     00007040  _SpiaRegs            
1     00007050  _SciaRegs            
1     00007070  _XIntruptRegs        
1     00007100  _AdcRegs             
1     00007750  _ScibRegs            
1     00007770  _ScicRegs            
1     00007900  _I2caRegs            
1     0000c002  _data_buf            
1     0000c004  _ip                  
1     0000c008  _sn                  
1     0000c00c  _gw                  
1     0000c010  _mac                 
1     0000c016  _tx_mem_conf         
1     0000c01e  _rx_mem_conf         
1     0000c040  _data                
1     0000d3c8  _tasks               
1     0000d3f2  _iinchip_source_port 
1     0000d3f3  _check_sendok_flag   
1     0000d3fc  _serverip            
1     0000d400  _padding             
1     0000d440  _SOCK_INT            
1     0000d448  _TXMEM_SIZE          
1     0000d458  _RXMEM_SIZE          
1     0000d468  _CpuTimer1           
1     0000d470  _CpuTimer2           
1     0000d478  _CpuTimer0           
1     0000d480  ___TI_cleanup_ptr    
1     0000d482  ___TI_dtors_ptr      
1     0000d484  __lock               
1     0000d486  __unlock             
1     0033fff8  _CsmPwl              
1     00380090  _PartIdRegs          
abs   00000300  __STACK_SIZE         
abs   ffffffff  ___binit__           
abs   ffffffff  ___c_args__          
abs   ffffffff  ___pinit__           
abs   ffffffff  binit                
abs   ffffffff  pinit                

[302 symbols]
